// Jest Snapshot v1, https://goo.gl/fbAQLP

exports[`Rating Form renders 1`] = `
<main
  className="sc-fnGiBr fKsANL"
>
  <div
    className="sc-bqWxrE dacVvm"
  >
    <div
      className="sc-ksBlkl gjJgIa"
    >
      <h2>
        Feedback Results
      </h2>
      <button
        className="sc-fEXmlR dldJgt"
        onClick={[Function]}
        type="button"
      >
        Write a review
      </button>
    </div>
    <section>
      <div
        className="sc-gKPRtg hyPmrB"
      >
        <div
          className="sc-iBYQkv bctHwM"
        >
          <svg>
            info-icon.svg
          </svg>
        </div>
        No ratings yet!
      </div>
    </section>
    <h3>
      Latest Comments
    </h3>
    <hr />
    <section>
      <div
        className="sc-gKPRtg hyPmrB"
      >
        <div
          className="sc-iBYQkv bctHwM"
        >
          <svg>
            info-icon.svg
          </svg>
        </div>
        Be the first to submit your feedback.
      </div>
    </section>
  </div>
</main>
`;
