// Jest Snapshot v1, https://goo.gl/fbAQLP

exports[`Customer Feedback component renders 1`] = `
Array [
  <div
    className="sc-bcXHqe fCRhLI"
  >
    test@email.com
  </div>,
  <div
    className="sc-gswNZR fYHcfJ"
  >
    this is a comment
  </div>,
  <div
    className="sc-dkrFOg bUNOjm"
  >
    <hr />
  </div>,
]
`;
