// Jest Snapshot v1, https://goo.gl/fbAQLP

exports[`Feedback Results renders 1`] = `
Array [
  <h3>
    Latest Comments
  </h3>,
  <section>
    <div
      className="sc-jSUZER bwutnF"
    >
      <div
        className="sc-gKPRtg dMYTQv"
      >
        <svg>
          info-icon.svg
        </svg>
      </div>
      Be the first to submit your feedback.
    </div>
  </section>,
]
`;
